foo, -1, 0
foo, -1, 0
foo, -1, 0
Aged Brie, -1, 3
Backstage passes to a TAFKAL80ETC concert, -1, 0
Backstage passes to a TAFKAL80ETC concert, 0, 4
Sulfuras, Hand of Ragnaros, 0, 80
Conjured, -1, 0
Conjured, 0, 0